2026-01-30T15:30:06+00:00 DEBUG POST: https://business-api.tiktok.com/tbp/v2.0/business_profile/disconnect?external_data=

{"business_platform":"WOO_COMMERCE","external_business_id":"tt4b_woocommerce_6949ed4f5716d"}
 ajax: no
2026-01-30T15:30:06+00:00 DEBUG Tt4b_Mapi_Class::tbp_post: Response: 

HTTP/1.1 200 OK
Content-Type: application/json; charset=utf-8
Content-Length: 95
X-Api-Deprecation-Info: API for Business Version 1.3 is now live. To avoid disruption to your business, we recommend you migrate all calls to v1.3 as soon as possible. Please visit our migration guide for more details: https://ads.tiktok.com/marketing_api/docs?id=1740029169927169
X-Domain-Change-Info: We have moved to the new domain business-api.tiktok.com for API services after the Platform Upgrade on 09/30/2021. Please update all of your requests with the new domain if you haven't done so already. For more information, please visit https://ads.tiktok.com/marketing_api/docs?rid=esb88xalm6m&id=1709207085043713
X-Tt-Logid: 202601302330064DBE627723C748D0F580
Access-Control-Expose-Headers: x-tt-traceflag,x-tt-logid
x-tt-trace-host: 01ef8792cd01f4a9b3af71a02c0a53dcc599a87bbd9edf2f3b7e401a1a90cfc52706e2a2ede296ff51646f56ae4609aa5b05c5f2613e4497ee9e2eb6cf82522710df3533d1490794bcaa7fbb30fe3c926a7849c624da3c681ae452fbe7d62b3eb5b00e7680d3b0b2e9b4affd7ee4145ba3
x-tt-trace-id: 00-2601302330064DBE627723C748D0F580-75C6916D34D12AEB-00
Server: TLB
X-Origin-Response-Time: 11,2.18.24.138
X-Akamai-Request-ID: 6408b89.5e36f17a
Expires: Fri, 30 Jan 2026 15:30:06 GMT
Cache-Control: max-age=0, no-cache, no-store
Pragma: no-cache
Date: Fri, 30 Jan 2026 15:30:06 GMT
X-Cache: TCP_MISS from a137-59-35-53.deploy.akamaitechnologies.com (AkamaiGHost/22.4.1-ff83a5b59fde7575ebd888dc6cc3a79b) (-)
Connection: close
X-Cache-Remote: TCP_MISS from a2-18-24-138.deploy.akamaitechnologies.com (AkamaiGHost/22.4.0.1-936f61a0f9f4a4fdf0fa53932a9b1fb9) (-)
x-tt-trace-tag: id=16;cdn-cache=miss;type=dyn
Server-Timing: cdn-cache; desc=MISS, edge; dur=59, origin; dur=10
Server-Timing: inner; dur=7
X-Parent-Response-Time: 65,137.59.35.53

{"code":40001,"message":"Permission denied.","request_id":"202601302330064DBE627723C748D0F580"}

2026-01-30T15:30:06+00:00 DEBUG POST: https://business-api.tiktok.com/tbp/v2.0/shop/connection/disconnect?external_data=

--- EMPTY STRING ---
 ajax: no
2026-01-30T15:30:07+00:00 DEBUG Tt4b_Mapi_Class::tts_shop_disconnect: Response: 

HTTP/1.1 200 OK
Content-Type: application/json; charset=utf-8
Content-Length: 95
X-Api-Deprecation-Info: API for Business Version 1.3 is now live. To avoid disruption to your business, we recommend you migrate all calls to v1.3 as soon as possible. Please visit our migration guide for more details: https://ads.tiktok.com/marketing_api/docs?id=1740029169927169
X-Domain-Change-Info: We have moved to the new domain business-api.tiktok.com for API services after the Platform Upgrade on 09/30/2021. Please update all of your requests with the new domain if you haven't done so already. For more information, please visit https://ads.tiktok.com/marketing_api/docs?rid=esb88xalm6m&id=1709207085043713
X-Tt-Logid: 202601302330073D1B0DA249D682A8C02E
Access-Control-Expose-Headers: x-tt-traceflag,x-tt-logid
x-tt-trace-host: 01ef8792cd01f4a9b3af71a02c0a53dcc59f4e2e347adf8f99d61043a98784cf8b3471c1acdbe4c378cd73bb30427963d0f94931cd4b378a1e4702dac255b0166863915c0218e47c827a15aef79627192bad9c0f938d43f84f31ee898c22e2efa386501a76c26f04f2c7ec52d773a47363
x-tt-trace-id: 00-2601302330073D1B0DA249D682A8C02E-7330C17D4B123C0D-00
Server: TLB
X-Origin-Response-Time: 12,173.222.132.149
X-Akamai-Request-ID: 26f5f4d5.46a8d4bb
Expires: Fri, 30 Jan 2026 15:30:07 GMT
Cache-Control: max-age=0, no-cache, no-store
Pragma: no-cache
Date: Fri, 30 Jan 2026 15:30:07 GMT
X-Cache: TCP_MISS from a137-59-35-63.deploy.akamaitechnologies.com (AkamaiGHost/22.4.0.1-936f61a0f9f4a4fdf0fa53932a9b1fb9) (-)
Connection: close
X-Cache-Remote: TCP_MISS from a173-222-132-149.deploy.akamaitechnologies.com (AkamaiGHost/22.4.1-ff83a5b59fde7575ebd888dc6cc3a79b) (-)
x-tt-trace-tag: id=16;cdn-cache=miss;type=dyn
Server-Timing: cdn-cache; desc=MISS, edge; dur=54, origin; dur=12
Server-Timing: inner; dur=7
X-Parent-Response-Time: 64,137.59.35.63

{"code":40001,"message":"Permission denied.","request_id":"202601302330073D1B0DA249D682A8C02E"}

